
> armored-archer-backend@0.1.0 test
> jest

{"level":"info","message":"RPC entry","payload":"{\"foo\":\"bar\"}","requestId":"req-123","rpc":"test_rpc","timestamp":"2026-03-02 23:24:21","userId":"user-1"}
{"level":"info","message":"RPC entry","requestId":"req-123","rpc":"test_rpc","timestamp":"2026-03-02 23:24:21","userId":"user-1"}
{"durationMs":123,"level":"info","message":"RPC exit","requestId":"req-123","rpc":"test_rpc","timestamp":"2026-03-02 23:24:21","userId":"user-1"}
{"durationMs":456,"error":"fail","level":"error","message":"RPC error","requestId":"req-123","rpc":"test_rpc","stack":"Error: fail\n    at Object.<anonymous> (/home/alex/armored-archer/backend/src/config/__tests__/logger.branch.test.ts:46:19)\n    at Promise.finally.completed (/home/alex/armored-archer/backend/node_modules/jest-circus/build/jestAdapterInit.js:1557:28)\n    at new Promise (<anonymous>)\n    at callAsyncCircusFn (/home/alex/armored-archer/backend/node_modules/jest-circus/build/jestAdapterInit.js:1497:10)\n    at _callCircusTest (/home/alex/armored-archer/backend/node_modules/jest-circus/build/jestAdapterInit.js:1007:40)\n    at _runTest (/home/alex/armored-archer/backend/node_modules/jest-circus/build/jestAdapterInit.js:947:3)\n    at /home/alex/armored-archer/backend/node_modules/jest-circus/build/jestAdapterInit.js:849:7\n    at _runTestsForDescribeBlock (/home/alex/armored-archer/backend/node_modules/jest-circus/build/jestAdapterInit.js:862:11)\n    at _runTestsForDescribeBlock (/home/alex/armored-archer/backend/node_modules/jest-circus/build/jestAdapterInit.js:857:11)\n    at run (/home/alex/armored-archer/backend/node_modules/jest-circus/build/jestAdapterInit.js:761:3)\n    at runAndTransformResultsToJestFormat (/home/alex/armored-archer/backend/node_modules/jest-circus/build/jestAdapterInit.js:1918:21)\n    at jestAdapter (/home/alex/armored-archer/backend/node_modules/jest-circus/build/runner.js:101:19)\n    at runTestInternal (/home/alex/armored-archer/backend/node_modules/jest-runner/build/index.js:275:16)\n    at runTest (/home/alex/armored-archer/backend/node_modules/jest-runner/build/index.js:343:7)","timestamp":"2026-03-02 23:24:21","userId":"user-1"}
{"durationMs":1,"error":"","level":"error","message":"RPC error","requestId":"req-123","rpc":"test_rpc","stack":"Error: \n    at Object.<anonymous> (/home/alex/armored-archer/backend/src/config/__tests__/logger.branch.test.ts:59:19)\n    at Promise.finally.completed (/home/alex/armored-archer/backend/node_modules/jest-circus/build/jestAdapterInit.js:1557:28)\n    at new Promise (<anonymous>)\n    at callAsyncCircusFn (/home/alex/armored-archer/backend/node_modules/jest-circus/build/jestAdapterInit.js:1497:10)\n    at _callCircusTest (/home/alex/armored-archer/backend/node_modules/jest-circus/build/jestAdapterInit.js:1007:40)\n    at _runTest (/home/alex/armored-archer/backend/node_modules/jest-circus/build/jestAdapterInit.js:947:3)\n    at /home/alex/armored-archer/backend/node_modules/jest-circus/build/jestAdapterInit.js:849:7\n    at _runTestsForDescribeBlock (/home/alex/armored-archer/backend/node_modules/jest-circus/build/jestAdapterInit.js:862:11)\n    at _runTestsForDescribeBlock (/home/alex/armored-archer/backend/node_modules/jest-circus/build/jestAdapterInit.js:857:11)\n    at run (/home/alex/armored-archer/backend/node_modules/jest-circus/build/jestAdapterInit.js:761:3)\n    at runAndTransformResultsToJestFormat (/home/alex/armored-archer/backend/node_modules/jest-circus/build/jestAdapterInit.js:1918:21)\n    at jestAdapter (/home/alex/armored-archer/backend/node_modules/jest-circus/build/runner.js:101:19)\n    at runTestInternal (/home/alex/armored-archer/backend/node_modules/jest-runner/build/index.js:275:16)\n    at runTest (/home/alex/armored-archer/backend/node_modules/jest-runner/build/index.js:343:7)","timestamp":"2026-03-02 23:24:21","userId":"user-1"}
{"durationMs":0,"error":"test","level":"error","message":"RPC error","requestId":"unknown","rpc":"test_rpc","stack":"Error: test\n    at Object.<anonymous> (/home/alex/armored-archer/backend/src/config/__tests__/logger.branch.test.ts:72:19)\n    at Promise.finally.completed (/home/alex/armored-archer/backend/node_modules/jest-circus/build/jestAdapterInit.js:1557:28)\n    at new Promise (<anonymous>)\n    at callAsyncCircusFn (/home/alex/armored-archer/backend/node_modules/jest-circus/build/jestAdapterInit.js:1497:10)\n    at _callCircusTest (/home/alex/armored-archer/backend/node_modules/jest-circus/build/jestAdapterInit.js:1007:40)\n    at _runTest (/home/alex/armored-archer/backend/node_modules/jest-circus/build/jestAdapterInit.js:947:3)\n    at /home/alex/armored-archer/backend/node_modules/jest-circus/build/jestAdapterInit.js:849:7\n    at _runTestsForDescribeBlock (/home/alex/armored-archer/backend/node_modules/jest-circus/build/jestAdapterInit.js:862:11)\n    at _runTestsForDescribeBlock (/home/alex/armored-archer/backend/node_modules/jest-circus/build/jestAdapterInit.js:857:11)\n    at run (/home/alex/armored-archer/backend/node_modules/jest-circus/build/jestAdapterInit.js:761:3)\n    at runAndTransformResultsToJestFormat (/home/alex/armored-archer/backend/node_modules/jest-circus/build/jestAdapterInit.js:1918:21)\n    at jestAdapter (/home/alex/armored-archer/backend/node_modules/jest-circus/build/runner.js:101:19)\n    at runTestInternal (/home/alex/armored-archer/backend/node_modules/jest-runner/build/index.js:275:16)\n    at runTest (/home/alex/armored-archer/backend/node_modules/jest-runner/build/index.js:343:7)","timestamp":"2026-03-02 23:24:21","userId":"user-1"}
FAIL src/config/__tests__/logger.branch.test.ts
  logger branch coverage
    ✕ logRpcEntry calls logger.info with correct args (5 ms)
    ✕ logRpcEntry with null payload (1 ms)
    ✕ logRpcExit calls logger.info with duration (1 ms)
    ✕ logRpcError calls logger.error with error and duration (1 ms)
    ✕ logRpcError with empty message (1 ms)
    ✕ captureRpcError calls captureException (1 ms)

  ● logger branch coverage › logRpcEntry calls logger.info with correct args

    expect(jest.fn()).toHaveBeenCalledWith(...expected)

    Expected: "RPC entry", ObjectContaining {"payload": "{\"foo\":\"bar\"}", "requestId": "req-123", "rpc": "test_rpc", "userId": "user-1"}

    Number of calls: 0

      15 |     const requestId = 'req-123';
      16 |     logRpcEntry('test_rpc', 'user-1', requestId, { foo: 'bar' });
    > 17 |     expect(logger.info).toHaveBeenCalledWith('RPC entry', expect.objectContaining({
         |                         ^
      18 |       rpc: 'test_rpc',
      19 |       userId: 'user-1',
      20 |       requestId: 'req-123',

      at Object.<anonymous> (src/config/__tests__/logger.branch.test.ts:17:25)

  ● logger branch coverage › logRpcEntry with null payload

    expect(jest.fn()).toHaveBeenCalledWith(...expected)

    Expected: "RPC entry", ObjectContaining {"payload": undefined, "requestId": "req-123", "rpc": "test_rpc", "userId": "user-1"}

    Number of calls: 0

      25 |   it('logRpcEntry with null payload', () => {
      26 |     logRpcEntry('test_rpc', 'user-1', 'req-123', null);
    > 27 |     expect(logger.info).toHaveBeenCalledWith('RPC entry', expect.objectContaining({
         |                         ^
      28 |       rpc: 'test_rpc',
      29 |       userId: 'user-1',
      30 |       requestId: 'req-123',

      at Object.<anonymous> (src/config/__tests__/logger.branch.test.ts:27:25)

  ● logger branch coverage › logRpcExit calls logger.info with duration

    expect(jest.fn()).toHaveBeenCalledWith(...expected)

    Expected: "RPC exit", ObjectContaining {"durationMs": 123, "requestId": "req-123", "rpc": "test_rpc", "userId": "user-1"}

    Number of calls: 0

      35 |   it('logRpcExit calls logger.info with duration', () => {
      36 |     logRpcExit('test_rpc', 'user-1', 'req-123', 123);
    > 37 |     expect(logger.info).toHaveBeenCalledWith('RPC exit', expect.objectContaining({
         |                         ^
      38 |       rpc: 'test_rpc',
      39 |       userId: 'user-1',
      40 |       requestId: 'req-123',

      at Object.<anonymous> (src/config/__tests__/logger.branch.test.ts:37:25)

  ● logger branch coverage › logRpcError calls logger.error with error and duration

    expect(jest.fn()).toHaveBeenCalledWith(...expected)

    Expected: "RPC error", ObjectContaining {"durationMs": 456, "error": "fail", "requestId": "req-123", "rpc": "test_rpc", "stack": Any<String>, "userId": "user-1"}

    Number of calls: 0

      46 |     const error = new Error('fail');
      47 |     logRpcError('test_rpc', 'user-1', 'req-123', error, 456);
    > 48 |     expect(logger.error).toHaveBeenCalledWith('RPC error', expect.objectContaining({
         |                          ^
      49 |       rpc: 'test_rpc',
      50 |       userId: 'user-1',
      51 |       requestId: 'req-123',

      at Object.<anonymous> (src/config/__tests__/logger.branch.test.ts:48:26)

  ● logger branch coverage › logRpcError with empty message

    expect(jest.fn()).toHaveBeenCalledWith(...expected)

    Expected: "RPC error", ObjectContaining {"durationMs": 1, "error": "", "requestId": "req-123", "rpc": "test_rpc", "stack": Any<String>, "userId": "user-1"}

    Number of calls: 0

      59 |     const error = new Error('');
      60 |     logRpcError('test_rpc', 'user-1', 'req-123', error, 1);
    > 61 |     expect(logger.error).toHaveBeenCalledWith('RPC error', expect.objectContaining({
         |                          ^
      62 |       rpc: 'test_rpc',
      63 |       userId: 'user-1',
      64 |       requestId: 'req-123',

      at Object.<anonymous> (src/config/__tests__/logger.branch.test.ts:61:26)

  ● logger branch coverage › captureRpcError calls captureException

    expect(jest.fn()).toHaveBeenCalled()

    Expected number of calls: >= 1
    Received number of calls:    0

      72 |     const error = new Error('test');
      73 |     captureRpcError('test_rpc', 'user-1', error, 100, '{}');
    > 74 |     expect(logger.error).toHaveBeenCalled(); // captureException logs error
         |                          ^
      75 |   });
      76 | });
      77 |

      at Object.<anonymous> (src/config/__tests__/logger.branch.test.ts:74:26)

FAIL src/config/__tests__/index.branch.test.ts
  config/index branch coverage
    ✓ getEnvironment returns test when NODE_ENV=test (2 ms)
    ✓ isProduction returns false in test (1 ms)
    ✕ parseDatabaseAddress with postgres:// (3 ms)
    ✕ parseDatabaseAddress with invalid URL (1 ms)
    ✕ validateRequiredConfig throws on missing (2 ms)
    ✕ getDatabaseConfig defaults (1 ms)
    ✓ getRevenueCatConfig
    ✓ getServerConfig default (1 ms)
    ✓ getConfig returns config object (1 ms)

  ● config/index branch coverage › parseDatabaseAddress with postgres://

    expect(received).toBe(expected) // Object.is equality

    Expected: "user"
    Received: "postgresql"

      37 |     expect(config.database.host).toBe('localhost');
      38 |     expect(config.database.port).toBe(5432);
    > 39 |     expect(config.database.user).toBe('user');
         |                                  ^
      40 |     expect(config.database.password).toBe('pass');
      41 |     expect(config.database.database).toBe('db');
      42 |     expect(config.database.address).toBe('postgresql://user:pass@localhost:5432/db');

      at Object.<anonymous> (src/config/__tests__/index.branch.test.ts:39:34)

  ● config/index branch coverage › parseDatabaseAddress with invalid URL

    expect(received).toBe(expected) // Object.is equality

    Expected: "localhost"
    Received: "postgres"

      47 |     const { default: config } = require('../index');
      48 |     // Should fall back to env or defaults
    > 49 |     expect(config.database.host).toBe('localhost');
         |                                  ^
      50 |     expect(config.database.port).toBe(parseInt(process.env.DB_PORT || '5432', 10));
      51 |     expect(config.database.port).toBe(5432);
      52 |     expect(config.database.user).toBe(process.env.DB_USER || 'postgres');

      at Object.<anonymous> (src/config/__tests__/index.branch.test.ts:49:34)

  ● config/index branch coverage › validateRequiredConfig throws on missing

    expect(received).toThrow()

    Received function did not throw

      61 |     delete process.env.NAKAMA_DATABASE_ADDRESS;
      62 |     const { validateRequiredConfig } = require('../index');
    > 63 |     expect(() => validateRequiredConfig()).toThrow();
         |                                            ^
      64 |     const errorMsg = (() => { try { validateRequiredConfig(); } catch (e:any) { return e.message; } })();
      65 |     expect(errorMsg).toContain('REVENUECAT_PUBLIC_KEY is required');
      66 |     expect(errorMsg).toContain('DATABASE_ADDRESS or NAKAMA_DATABASE_ADDRESS is required');

      at Object.<anonymous> (src/config/__tests__/index.branch.test.ts:63:44)

  ● config/index branch coverage › getDatabaseConfig defaults

    expect(received).toBe(expected) // Object.is equality

    Expected: "postgres"
    Received: "postgresql"

      72 |     expect(config.database.host).toBe('localhost');
      73 |     expect(config.database.port).toBe(5432);
    > 74 |     expect(config.database.user).toBe('postgres');
         |                                  ^
      75 |     expect(config.database.password).toBe('pass');
      76 |     expect(config.database.database).toBe('nakama');
      77 |   });

      at Object.<anonymous> (src/config/__tests__/index.branch.test.ts:74:34)

PASS src/modules/__tests__/matchmaker.test.ts
  matchmaker
    rpcCreateMatch
      ✓ should create a match with target opponent (5 ms)
      ✓ should allow punch-up when flag set
      ✓ should return error when target player not found
      ✓ should return error when rank difference too large without punch-up (1 ms)
      ✓ should create open match when no target opponent
      ✓ should return error when player stats not found (1 ms)
      ✓ should return validation error for invalid payload (1 ms)
    rpcAcceptMatch
      ✓ should accept pending match successfully (1 ms)
      ✓ should return error when match not found
      ✓ should return error when user is the creator (1 ms)
      ✓ should return error when match not pending
      ✓ should return error when player stats not found (1 ms)
    rpcListMatches
      ✓ should list pending matches excluding own (1 ms)
      ✓ should filter by match_type (1 ms)
      ✓ should filter by min_rank and max_rank (1 ms)
      ✓ should apply limit correctly
      ✓ should return error when player stats not found (1 ms)
      ✓ should return validation error for invalid payload
    rpcGetPlayerRank
      ✓ should return player rank, level, and xp (1 ms)
      ✓ should return error when player stats not found
    calculateRank
      ✓ calculates rank correctly with base stats (1 ms)
      ✓ increases rank with level
      ✓ increases rank with stats
      ✓ handles zero stats
    generateMatchId
      ✓ generates unique match IDs
      ✓ starts with match_ prefix (1 ms)
      ✓ contains timestamp

PASS src/modules/__tests__/utils.test.ts
  Utility Functions
    calculateLevel
      ✓ should return level 1 for 0 XP (2 ms)
      ✓ should return level 1 for less than 100 XP (1 ms)
      ✓ should level up at XP threshold
      ✓ should handle multiple level ups
      ✓ should scale XP requirements correctly (1 ms)
      ✓ should handle high XP values
    calculateRank
      ✓ should calculate rank from level and base stats
      ✓ should increase rank with level
      ✓ should increase rank with stats
    generateMatchId
      ✓ should generate unique match IDs
      ✓ should start with "match_" prefix
      ✓ should contain timestamp (1 ms)
    calculateRewards
      ✓ should return legendary rewards for rank 1
      ✓ should return legendary rewards for rank 10
      ✓ should return epic rewards for rank 50
      ✓ should return rare rewards for rank 100 (1 ms)
      ✓ should return uncommon rewards for rank 500
      ✓ should return common rewards for rank 1000
      ✓ should include season number in title

PASS src/utils/__tests__/safeParse.test.ts
  safeParse
    safeParse
      ✓ parses valid JSON string
      ✓ returns error on invalid JSON (1 ms)
      ✓ handles null logger
    safeParsePayload
      ✓ returns parsed object for valid JSON (1 ms)
      ✓ returns null on empty payload
      ✓ returns null on invalid JSON
    createErrorResponse
      ✓ creates error JSON (1 ms)

PASS src/modules/__tests__/rpg_system.test.ts
  rpg_system
    rpcGainXP
      ✓ should create new player stats if none exist (2 ms)
      ✓ should add XP to existing player
      ✓ should level up when XP threshold is reached (1 ms)
      ✓ should handle validation errors
      ✓ should handle multiple level ups (1 ms)
    rpcAllocateStats
      ✓ should allocate stat points successfully (1 ms)
      ✓ should return error when not enough ability points (1 ms)
      ✓ should return error when player stats not found
      ✓ should validate stat allocation input (1 ms)
    rpcGetPlayerStats
      ✓ should return existing player stats
      ✓ should return error when player stats not found (1 ms)

PASS src/modules/__tests__/player_rpc.test.ts
  player_rpc
    rpcHealthCheck
      ✓ should return healthy status (1 ms)
      ✓ should accept empty payload (1 ms)
    rpcGetPlayerStats
      ✓ should return player stats from storage (1 ms)
      ✓ should return error when player stats not found
      ✓ should cache player stats (1 ms)

  console.log
    Calling rpcCreateMatch...

      at Object.<anonymous> (src/modules/__tests__/test_matchmaker.ts:45:13)

  console.log
    storageRead called with: [
      {
        collection: 'player_stats',
        key: 'test-user-123',
        userId: 'test-user-123'
      }
    ]

      at Object.<anonymous> (src/modules/__tests__/test_matchmaker.ts:28:15)

  console.log
    Returning player stats for test-user-123

      at Object.<anonymous> (src/modules/__tests__/test_matchmaker.ts:30:17)

  console.log
    storageRead called with: [
      {
        collection: 'player_stats',
        key: 'target-user',
        userId: 'target-user'
      }
    ]

      at Object.<anonymous> (src/modules/__tests__/test_matchmaker.ts:28:15)

  console.log
    Returning player stats for target-user

      at Object.<anonymous> (src/modules/__tests__/test_matchmaker.ts:33:17)

  console.log
    Result: string {"success":true,"match":{"match_id":"match_1772511862134_a8hfpvhpy","creator_id":"test-user-123","opponent_id":"target-user","creator_rank":63,"opponent_rank":63,"match_type":"ranked","is_punch_up":false,"status":"pending","created_at":1772511862134,"updated_at":1772511862134}}

      at Object.<anonymous> (src/modules/__tests__/test_matchmaker.ts:47:13)

  console.log
    Parsed result: {
      success: true,
      match: {
        match_id: 'match_1772511862134_a8hfpvhpy',
        creator_id: 'test-user-123',
        opponent_id: 'target-user',
        creator_rank: 63,
        opponent_rank: 63,
        match_type: 'ranked',
        is_punch_up: false,
        status: 'pending',
        created_at: 1772511862134,
        updated_at: 1772511862134
      }
    }

      at Object.<anonymous> (src/modules/__tests__/test_matchmaker.ts:51:15)

PASS src/modules/__tests__/test_matchmaker.ts
  rpcCreateMatch
    ✓ should create a match with target opponent (15 ms)

PASS src/modules/__tests__/season_system.test.ts
  season_system
    rpcGetSeasonInfo
      ✓ should return current season info (1 ms)
      ✓ should include player rank when available (1 ms)
    rpcGetLeaderboard
      ✓ should return leaderboard entries (1 ms)
      ✓ should respect limit parameter (1 ms)
    rpcUpdateRank
      ✓ should update rank for winner and loser (1 ms)
      ✓ should handle new players without existing entry
      ✓ should validate input payload (1 ms)
    rpcGetSeasonRewards
      ✓ should return null rewards when no leaderboard entry
      ✓ should return legendary rewards for top 10 (3 ms)
      ✓ should return epic rewards for ranks 11-50
      ✓ should return rare rewards for ranks 51-100
      ✓ should return uncommon rewards for ranks 101-500
      ✓ should return common rewards for ranks below 500 (1 ms)
    rpcClaimSeasonRewards
      ✓ should claim rewards successfully (1 ms)
      ✓ should return error when rewards already claimed
      ✓ should return error when no leaderboard entry (1 ms)
    rpcEndSeason
      ✓ should end current season and create new one

PASS src/modules/__tests__/gear_system.test.ts
  gear_system
    rpcGenerateGear
      ✓ should generate gear for new player (2 ms)
      ✓ should add gear to existing inventory (1 ms)
      ✓ should validate input payload
    rpcEquipGear
      ✓ should equip gear successfully (1 ms)
      ✓ should return error when inventory not found (1 ms)
      ✓ should return error when gear not found
      ✓ should return error when gear type does not match slot (1 ms)
      ✓ should validate input payload
    rpcUnequipGear
      ✓ should unequip gear successfully (1 ms)
      ✓ should return error when inventory not found
      ✓ should return error when no gear equipped in slot (1 ms)
    rpcGetInventory
      ✓ should return existing inventory
      ✓ should return empty inventory when none exists (1 ms)
    rpcUnlockModifierPool
      ✓ should unlock modifier pool for new player (1 ms)
      ✓ should add to existing unlocked pools
      ✓ should not duplicate already unlocked pools (1 ms)

PASS src/modules/__tests__/store.test.ts
  store
    rpcValidatePurchase
      ✓ should validate purchase and add gems (1 ms)
      ✓ should return error for invalid product ID (1 ms)
      ✓ should validate input payload
    rpcGetCurrency
      ✓ should return player currency (1 ms)
      ✓ should return default currency when none exists (1 ms)
    rpcSpendGems
      ✓ should spend gems successfully
      ✓ should return error when insufficient gems (1 ms)
      ✓ should validate input payload
    GEM_BUNDLES
      ✓ should have correct gem bundles defined (1 ms)
      ✓ should have correct gem amounts
      ✓ should have correct prices

PASS src/utils/__tests__/cache.test.ts
  CacheManager
    createCache
      ✓ creates a new cache with options (1 ms)
      ✓ logs cache creation (1 ms)
    get
      ✓ returns value when present
      ✓ returns undefined for missing key
      ✓ increments hits metric
      ✓ increments misses metric
    set
      ✓ sets value for key (1 ms)
      ✓ overwrites existing value
      ✓ does nothing for non-existent cache
    delete
      ✓ deletes existing key (1 ms)
      ✓ does nothing for missing key
    clear
      ✓ clears all entries (1 ms)
      ✓ resets metrics
    getMetrics
      ✓ returns metrics object (1 ms)
    getAllMetrics
      ✓ returns all metrics for all caches
    getCacheInfo
      ✓ returns info including size (1 ms)
  CacheManager singleton
    ✓ getCacheManager returns same instance
    ✓ initializeCaches sets up default caches

PASS src/modules/__tests__/combat_system.test.ts
  combat_system
    rpcSubmitCombatAction
      ✓ should process combat action and return result (2 ms)
      ✓ should return error for non-existent match
      ✓ should return error for inactive match (1 ms)
      ✓ should return error when not participant
      ✓ should return error when not user turn (1 ms)
      ✓ should validate input payload
    rpcGetMatchState
      ✓ should return match state
      ✓ should return error when match state not found (1 ms)

PASS src/utils/__tests__/rateLimiter.test.ts
  RateLimiter
    ✓ should allow requests within limit (1 ms)
    ✓ should block requests exceeding limit
    ✓ should track stats correctly (1 ms)
    ✓ should reset limits

PASS src/utils/__tests__/rpcWrapper.test.ts
  rpcWrapper
    wrapRpc
      ✓ should call handler and return result on success (1 ms)
      ✓ should log parsed payload (1 ms)
      ✓ should handle empty payload without parsing (1 ms)
      ✓ should return INVALID_PAYLOAD for invalid JSON
      ✓ should return INVALID_PAYLOAD for validation failure (3 ms)
      ✓ should catch exceptions and return INTERNAL_ERROR
    createErrorResponse
      ✓ should create proper error JSON (1 ms)
    createSuccessResponse
      ✓ should create success JSON with data
      ✓ should handle null data

PASS src/utils/__tests__/db_optimizer.test.ts
  db_optimizer
    batchGetPlayerStats
      ✓ returns stats from cache when available
      ✓ fetches from storage for uncached users
      ✓ uses default stats when storage value invalid (1 ms)
      ✓ handles empty userIds array
    getPlayerStatsWithCache
      ✓ returns from cache if available (1 ms)
      ✓ fetches and caches if not in cache
      ✓ returns default stats when none exists (1 ms)
    invalidatePlayerStatsCache
      ✓ calls cache delete

Test Suites: 2 failed, 14 passed, 16 total
Tests:       10 failed, 166 passed, 176 total
Snapshots:   0 total
Time:        1.017 s
Ran all test suites.
Force exiting Jest: Have you considered using `--detectOpenHandles` to detect async operations that kept running after all tests finished?
